Script started on Sun Dec  3 08:24:29 2023
[vagrant@zfs ~]$ lsblk 
NAME   MAJ:MIN RM  SIZE RO TYPE MOUNTPOINT
sda      8:0    0   40G  0 disk 
`-sda1   8:1    0   40G  0 part /
sdb      8:16   0  512M  0 disk 
sdc      8:32   0  512M  0 disk 
sdd      8:48   0  512M  0 disk 
sde      8:64   0  512M  0 disk 
sdf      8:80   0  512M  0 disk 
sdg      8:96   0  512M  0 disk 
sdh      8:112  0  512M  0 disk 
sdi      8:128  0  512M  0 disk 
[vagrant@zfs ~]$ sudo -i
[root@zfs ~]# zpool list
The ZFS modules are not loaded.
Try running '/sbin/modprobe zfs' as root to load them.
[root@zfs ~]# zpool create otus1 mirror /dev/sdb /dev/sdc
The ZFS modules are not loaded.
Try running '/sbin/modprobe zfs' as root to load them.
[root@zfs ~]# /sbin/modprobe zfs
[root@zfs ~]# zpool list
no pools available
[root@zfs ~]# zpool create otus1 mirror /dev/sdb /dev/sdc
[root@zfs ~]# zpool create otus2 mirror /dev/sdd /dev/sde
[root@zfs ~]# zpool create otus3 mirror /dev/sdf /dev/sdg
[root@zfs ~]# zpool create otus4 mirror /dev/sdh /dev/sdi
[root@zfs ~]# zpool list
NAME    SIZE  ALLOC   FREE  CKPOINT  EXPANDSZ   FRAG    CAP  DEDUP    HEALTH  ALTROOT
otus1   480M  91.5K   480M        -         -     0%     0%  1.00x    ONLINE  -
otus2   480M  91.5K   480M        -         -     0%     0%  1.00x    ONLINE  -
otus3   480M  91.5K   480M        -         -     0%     0%  1.00x    ONLINE  -
otus4   480M  91.5K   480M        -         -     0%     0%  1.00x    ONLINE  -
[root@zfs ~]# zpool status
  pool: otus1
 state: ONLINE
  scan: none requested
config:

	NAME        STATE     READ WRITE CKSUM
	otus1       ONLINE       0     0     0
	  mirror-0  ONLINE       0     0     0
	    sdb     ONLINE       0     0     0
	    sdc     ONLINE       0     0     0

errors: No known data errors

  pool: otus2
 state: ONLINE
  scan: none requested
config:

	NAME        STATE     READ WRITE CKSUM
	otus2       ONLINE       0     0     0
	  mirror-0  ONLINE       0     0     0
	    sdd     ONLINE       0     0     0
	    sde     ONLINE       0     0     0

errors: No known data errors

  pool: otus3
 state: ONLINE
  scan: none requested
config:

	NAME        STATE     READ WRITE CKSUM
	otus3       ONLINE       0     0     0
	  mirror-0  ONLINE       0     0     0
	    sdf     ONLINE       0     0     0
	    sdg     ONLINE       0     0     0

errors: No known data errors

  pool: otus4
 state: ONLINE
  scan: none requested
config:

	NAME        STATE     READ WRITE CKSUM
	otus4       ONLINE       0     0     0
	  mirror-0  ONLINE       0     0     0
	    sdh     ONLINE       0     0     0
	    sdi     ONLINE       0     0     0

errors: No known data errors
[root@zfs ~]# zfs set compression=lzjb otus1
[root@zfs ~]# zfs set compression=lz4 otus2
[root@zfs ~]# zfs set compression=gzip-9 otus3
[root@zfs ~]# zfs set compression=zle otus4
[root@zfs ~]# 
[root@zfs ~]# 
[root@zfs ~]# 
[root@zfs ~]# zfs get all | grep compression
otus1  compression           lzjb                   local
otus2  compression           lz4                    local
otus3  compression           gzip-9                 local
otus4  compression           zle                    local
[root@zfs ~]# for i in {1..4}; do wget -P /otus$i https://gutenberg.org/cache/epub/2600/pg2600.converter.log; done
--2023-12-03 08:30:05--  https://gutenberg.org/cache/epub/2600/pg2600.converter.log
Resolving gutenberg.org (gutenberg.org)... 152.19.134.47, 2610:28:3090:3000:0:bad:cafe:47
Connecting to gutenberg.org (gutenberg.org)|152.19.134.47|:443... connected.
HTTP request sent, awaiting response... 200 OK
Length: 40997929 (39M) [text/plain]
Saving to: '/otus1/pg2600.converter.log'

100%[=======================================================================================================>] 40,997,929  1.79MB/s   in 36s    

2023-12-03 08:30:42 (1.10 MB/s) - '/otus1/pg2600.converter.log' saved [40997929/40997929]

--2023-12-03 08:30:42--  https://gutenberg.org/cache/epub/2600/pg2600.converter.log
Resolving gutenberg.org (gutenberg.org)... 152.19.134.47, 2610:28:3090:3000:0:bad:cafe:47
Connecting to gutenberg.org (gutenberg.org)|152.19.134.47|:443... connected.
HTTP request sent, awaiting response... 200 OK
Length: 40997929 (39M) [text/plain]
Saving to: '/otus2/pg2600.converter.log'

100%[=======================================================================================================>] 40,997,929  1.14MB/s   in 71s    

2023-12-03 08:31:53 (567 KB/s) - '/otus2/pg2600.converter.log' saved [40997929/40997929]

--2023-12-03 08:31:53--  https://gutenberg.org/cache/epub/2600/pg2600.converter.log
Resolving gutenberg.org (gutenberg.org)... 152.19.134.47, 2610:28:3090:3000:0:bad:cafe:47
Connecting to gutenberg.org (gutenberg.org)|152.19.134.47|:443... connected.
HTTP request sent, awaiting response... 200 OK
Length: 40997929 (39M) [text/plain]
Saving to: '/otus3/pg2600.converter.log'

100%[=======================================================================================================>] 40,997,929   441KB/s   in 66s    

2023-12-03 08:33:00 (610 KB/s) - '/otus3/pg2600.converter.log' saved [40997929/40997929]

--2023-12-03 08:33:00--  https://gutenberg.org/cache/epub/2600/pg2600.converter.log
Resolving gutenberg.org (gutenberg.org)... 152.19.134.47, 2610:28:3090:3000:0:bad:cafe:47
Connecting to gutenberg.org (gutenberg.org)|152.19.134.47|:443... connected.
HTTP request sent, awaiting response... 200 OK
Length: 40997929 (39M) [text/plain]
Saving to: '/otus4/pg2600.converter.log'

100%[=======================================================================================================>] 40,997,929   906KB/s   in 38s    

2023-12-03 08:33:38 (1.03 MB/s) - '/otus4/pg2600.converter.log' saved [40997929/40997929]

[root@zfs ~]# ls -l /otus*
/otus1:
total 22063
-rw-r--r--. 1 root root 40997929 Dec  2 09:17 pg2600.converter.log

/otus2:
total 17992
-rw-r--r--. 1 root root 40997929 Dec  2 09:17 pg2600.converter.log

/otus3:
total 10959
-rw-r--r--. 1 root root 40997929 Dec  2 09:17 pg2600.converter.log

/otus4:
total 40066
-rw-r--r--. 1 root root 40997929 Dec  2 09:17 pg2600.converter.log
[root@zfs ~]# zfs list
NAME    USED  AVAIL     REFER  MOUNTPOINT
otus1  21.7M   330M     21.6M  /otus1
otus2  17.7M   334M     17.6M  /otus2
otus3  10.8M   341M     10.7M  /otus3
otus4  39.2M   313M     39.2M  /otus4
[root@zfs ~]# logout
[vagrant@zfs ~]$ exit

Script done on Sun Dec  3 08:34:52 2023
Script started on Sun Dec  3 13:33:38 2023
[vagrant@zfs ~]$ sudo -i
[root@zfs ~]# zpool list
NAME    SIZE  ALLOC   FREE  CKPOINT  EXPANDSZ   FRAG    CAP  DEDUP    HEALTH  ALTROOT
otus1   480M  21.7M   458M        -         -     0%     4%  1.00x    ONLINE  -
otus2   480M  17.7M   462M        -         -     0%     3%  1.00x    ONLINE  -
otus3   480M  10.9M   469M        -         -     0%     2%  1.00x    ONLINE  -
otus4   480M  39.3M   441M        -         -     0%     8%  1.00x    ONLINE  -
OAt60yukkg&export=download've.tar.gz --no-check-certificate 'https://drive.google.com/u/0/uc?id=1KRBNW33QWqbvbVHa3hLJiv 
--2023-12-03 13:35:30--  https://drive.google.com/u/0/uc?id=1KRBNW33QWqbvbVHa3hLJivOAt60yukkg&export=download
Resolving drive.google.com (drive.google.com)... 64.233.164.194, 2a00:1450:4010:c02::c2
Connecting to drive.google.com (drive.google.com)|64.233.164.194|:443... connected.
HTTP request sent, awaiting response... 302 Found
Location: https://drive.google.com/uc?id=1KRBNW33QWqbvbVHa3hLJivOAt60yukkg&export=download [following]
--2023-12-03 13:35:30--  https://drive.google.com/uc?id=1KRBNW33QWqbvbVHa3hLJivOAt60yukkg&export=download
Reusing existing connection to drive.google.com:443.
HTTP request sent, awaiting response... 303 See Other
Location: https://doc-0c-bo-docs.googleusercontent.com/docs/securesc/ha0ro937gcuc7l7deffksulhg5h7mbp1/ne93d7crou9mfdp5k6m6igm023fvf9pq/1701610500000/16189157874053420687/*/1KRBNW33QWqbvbVHa3hLJivOAt60yukkg?e=download&uuid=0d70859d-4e1e-423e-88b7-7b2e8114053b [following]
Warning: wildcards not supported in HTTP.
--2023-12-03 13:35:36--  https://doc-0c-bo-docs.googleusercontent.com/docs/securesc/ha0ro937gcuc7l7deffksulhg5h7mbp1/ne93d7crou9mfdp5k6m6igm023fvf9pq/1701610500000/16189157874053420687/*/1KRBNW33QWqbvbVHa3hLJivOAt60yukkg?e=download&uuid=0d70859d-4e1e-423e-88b7-7b2e8114053b
Resolving doc-0c-bo-docs.googleusercontent.com (doc-0c-bo-docs.googleusercontent.com)... 64.233.164.132, 2a00:1450:4026:802::2001
Connecting to doc-0c-bo-docs.googleusercontent.com (doc-0c-bo-docs.googleusercontent.com)|64.233.164.132|:443... connected.
HTTP request sent, awaiting response... 200 OK
Length: 7275140 (6.9M) [application/x-gzip]
Saving to: 'archive.tar.gz'

100%[=============================================================================>] 7,275,140   7.55MB/s   in 0.9s   

2023-12-03 13:35:38 (7.55 MB/s) - 'archive.tar.gz' saved [7275140/7275140]

[root@zfs ~]# ls
anaconda-ks.cfg  archive.tar.gz  original-ks.cfg
[root@zfs ~]# tar -xzvf archive.tar.gz 
zpoolexport/
zpoolexport/filea
zpoolexport/fileb
[root@zfs ~]#  zpool import -d zpoolexport/
   pool: otus
     id: 6554193320433390805
  state: ONLINE
 action: The pool can be imported using its name or numeric identifier.
 config:

	otus                         ONLINE
	  mirror-0                   ONLINE
	    /root/zpoolexport/filea  ONLINE
	    /root/zpoolexport/fileb  ONLINE
[root@zfs ~]# zpool import -d zpoolexport/ otus
[root@zfs ~]# zpool status
  pool: otus
 state: ONLINE
  scan: none requested
config:

	NAME                         STATE     READ WRITE CKSUM
	otus                         ONLINE       0     0     0
	  mirror-0                   ONLINE       0     0     0
	    /root/zpoolexport/filea  ONLINE       0     0     0
	    /root/zpoolexport/fileb  ONLINE       0     0     0

errors: No known data errors

  pool: otus1
 state: ONLINE
  scan: none requested
config:

	NAME        STATE     READ WRITE CKSUM
	otus1       ONLINE       0     0     0
	  mirror-0  ONLINE       0     0     0
	    sdb     ONLINE       0     0     0
	    sdc     ONLINE       0     0     0

errors: No known data errors

  pool: otus2
 state: ONLINE
  scan: none requested
config:

	NAME        STATE     READ WRITE CKSUM
	otus2       ONLINE       0     0     0
	  mirror-0  ONLINE       0     0     0
	    sdd     ONLINE       0     0     0
	    sde     ONLINE       0     0     0

errors: No known data errors

  pool: otus3
 state: ONLINE
  scan: none requested
config:

	NAME        STATE     READ WRITE CKSUM
	otus3       ONLINE       0     0     0
	  mirror-0  ONLINE       0     0     0
	    sdf     ONLINE       0     0     0
	    sdg     ONLINE       0     0     0

errors: No known data errors

  pool: otus4
 state: ONLINE
  scan: none requested
config:

	NAME        STATE     READ WRITE CKSUM
	otus4       ONLINE       0     0     0
	  mirror-0  ONLINE       0     0     0
	    sdh     ONLINE       0     0     0
	    sdi     ONLINE       0     0     0

errors: No known data errors
[root@zfs ~]# 
[root@zfs ~]# 
[root@zfs ~]# 
[root@zfs ~]# 
[root@zfs ~]# 
[root@zfs ~]# 
[root@zfs ~]# zpool status
  pool: otus
 state: ONLINE
  scan: none requested
config:

	NAME                         STATE     READ WRITE CKSUM
	otus                         ONLINE       0     0     0
	  mirror-0                   ONLINE       0     0     0
	    /root/zpoolexport/filea  ONLINE       0     0     0
	    /root/zpoolexport/fileb  ONLINE       0     0     0

errors: No known data errors

  pool: otus1
 state: ONLINE
  scan: none requested
config:

	NAME        STATE     READ WRITE CKSUM
	otus1       ONLINE       0     0     0
	  mirror-0  ONLINE       0     0     0
	    sdb     ONLINE       0     0     0
	    sdc     ONLINE       0     0     0

errors: No known data errors

  pool: otus2
 state: ONLINE
  scan: none requested
config:

	NAME        STATE     READ WRITE CKSUM
	otus2       ONLINE       0     0     0
	  mirror-0  ONLINE       0     0     0
	    sdd     ONLINE       0     0     0
	    sde     ONLINE       0     0     0

errors: No known data errors

  pool: otus3
 state: ONLINE
  scan: none requested
config:

	NAME        STATE     READ WRITE CKSUM
	otus3       ONLINE       0     0     0
	  mirror-0  ONLINE       0     0     0
	    sdf     ONLINE       0     0     0
	    sdg     ONLINE       0     0     0

errors: No known data errors

  pool: otus4
 state: ONLINE
  scan: none requested
config:

	NAME        STATE     READ WRITE CKSUM
	otus4       ONLINE       0     0     0
	  mirror-0  ONLINE       0     0     0
	    sdh     ONLINE       0     0     0
	    sdi     ONLINE       0     0     0

errors: No known data errors
[root@zfs ~]# 
[root@zfs ~]# 
[root@zfs ~]# 
[root@zfs ~]# 
[root@zfs ~]# 
[root@zfs ~]# zfs get all otus
NAME  PROPERTY              VALUE                  SOURCE
otus  type                  filesystem             -
otus  creation              Fri May 15  4:00 2020  -
otus  used                  2.04M                  -
otus  available             350M                   -
otus  referenced            24K                    -
otus  compressratio         1.00x                  -
otus  mounted               yes                    -
otus  quota                 none                   default
otus  reservation           none                   default
otus  recordsize            128K                   local
otus  mountpoint            /otus                  default
otus  sharenfs              off                    default
otus  checksum              sha256                 local
otus  compression           zle                    local
otus  atime                 on                     default
otus  devices               on                     default
otus  exec                  on                     default
otus  setuid                on                     default
otus  readonly              off                    default
otus  zoned                 off                    default
otus  snapdir               hidden                 default
otus  aclinherit            restricted             default
otus  createtxg             1                      -
otus  canmount              on                     default
otus  xattr                 on                     default
otus  copies                1                      default
otus  version               5                      -
otus  utf8only              off                    -
otus  normalization         none                   -
otus  casesensitivity       sensitive              -
otus  vscan                 off                    default
otus  nbmand                off                    default
otus  sharesmb              off                    default
otus  refquota              none                   default
otus  refreservation        none                   default
otus  guid                  14592242904030363272   -
otus  primarycache          all                    default
otus  secondarycache        all                    default
otus  usedbysnapshots       0B                     -
otus  usedbydataset         24K                    -
otus  usedbychildren        2.01M                  -
otus  usedbyrefreservation  0B                     -
otus  logbias               latency                default
otus  objsetid              54                     -
otus  dedup                 off                    default
otus  mlslabel              none                   default
otus  sync                  standard               default
otus  dnodesize             legacy                 default
otus  refcompressratio      1.00x                  -
otus  written               24K                    -
otus  logicalused           1020K                  -
otus  logicalreferenced     12K                    -
otus  volmode               default                default
otus  filesystem_limit      none                   default
otus  snapshot_limit        none                   default
otus  filesystem_count      none                   default
otus  snapshot_count        none                   default
otus  snapdev               hidden                 default
otus  acltype               off                    default
otus  context               none                   default
otus  fscontext             none                   default
otus  defcontext            none                   default
otus  rootcontext           none                   default
otus  relatime              off                    default
otus  redundant_metadata    all                    default
otus  overlay               off                    default
otus  encryption            off                    default
otus  keylocation           none                   default
otus  keyformat             none                   default
otus  pbkdf2iters           0                      default
otus  special_small_blocks  0                      default
[root@zfs ~]# logout
[vagrant@zfs ~]$ exit

Script done on Sun Dec  3 13:41:53 2023

